AR mux2v32 behavioral C:/Users/rober/OneDrive/Desktop/Labs_CSO/Lab5/mips/MUX2V32.vhd sub00/vhpl13 1618171878
AR file_regs behavioral C:/Users/rober/OneDrive/Desktop/Labs_CSO/Lab5/mips/File_Regs.vhd sub00/vhpl17 1618171886
AR alu behavioral C:/Users/rober/OneDrive/Desktop/Labs_CSO/Lab5/mips/ALU.vhd sub00/vhpl11 1618171872
EN datamem NULL C:/Users/rober/OneDrive/Desktop/Labs_CSO/Lab5/mips/DataMem.vhd sub00/vhpl18 1618171875
EN file_regs NULL C:/Users/rober/OneDrive/Desktop/Labs_CSO/Lab5/mips/File_Regs.vhd sub00/vhpl16 1618171885
EN mux2v5 NULL C:/Users/rober/OneDrive/Desktop/Labs_CSO/Lab5/mips/MUX2V5.vhd sub00/vhpl08 1618171879
EN rom32x32 NULL C:/Users/rober/OneDrive/Desktop/Labs_CSO/Lab5/mips/ROM32x32.vhd sub00/vhpl04 1618171887
AR rom32x32 rom32x32_arch C:/Users/rober/OneDrive/Desktop/Labs_CSO/Lab5/mips/ROM32x32.vhd sub00/vhpl05 1618171888
EN pc_update NULL C:/Users/rober/OneDrive/Desktop/Labs_CSO/Lab5/mips/PC_Update.vhd sub00/vhpl02 1618171881
AR ctrl behavioral C:/Users/rober/OneDrive/Desktop/Labs_CSO/Lab5/mips/ctrl.vhd sub00/vhpl15 1618171874
AR mips behavioral C:/Users/rober/OneDrive/Desktop/Labs_CSO/Lab6/mips/mips.vhf sub00/vhpl07 1618771736
EN progcnt NULL C:/Users/rober/OneDrive/Desktop/Labs_CSO/Lab5/mips/ProgCnt.vhd sub00/vhpl00 1618171883
EN ctrl NULL C:/Users/rober/OneDrive/Desktop/Labs_CSO/Lab5/mips/ctrl.vhd sub00/vhpl14 1618171873
EN mips NULL C:/Users/rober/OneDrive/Desktop/Labs_CSO/Lab6/mips/mips.vhf sub00/vhpl06 1618771735
AR progcnt behavioral C:/Users/rober/OneDrive/Desktop/Labs_CSO/Lab5/mips/ProgCnt.vhd sub00/vhpl01 1618171884
EN mux2v32 NULL C:/Users/rober/OneDrive/Desktop/Labs_CSO/Lab5/mips/MUX2V32.vhd sub00/vhpl12 1618171877
AR datamem behavioral C:/Users/rober/OneDrive/Desktop/Labs_CSO/Lab5/mips/DataMem.vhd sub00/vhpl19 1618171876
AR mux2v5 behavioral C:/Users/rober/OneDrive/Desktop/Labs_CSO/Lab5/mips/MUX2V5.vhd sub00/vhpl09 1618171880
AR pc_update behavioral C:/Users/rober/OneDrive/Desktop/Labs_CSO/Lab5/mips/PC_Update.vhd sub00/vhpl03 1618171882
EN alu NULL C:/Users/rober/OneDrive/Desktop/Labs_CSO/Lab5/mips/ALU.vhd sub00/vhpl10 1618171871
