AR mux2v32 behavioral C:/Users/rober/OneDrive/Desktop/Labs_CSO/Lab7/mips/MUX2V32.vhd sub00/vhpl13 1620581804
AR file_regs behavioral C:/Users/rober/OneDrive/Desktop/Labs_CSO/Lab7/mips/File_Regs.vhd sub00/vhpl17 1620581812
AR alu behavioral C:/Users/rober/OneDrive/Desktop/Labs_CSO/Lab7/mips/ALU.vhd sub00/vhpl11 1620581798
EN datamem NULL C:/Users/rober/OneDrive/Desktop/Labs_CSO/Lab7/mips/DataMem.vhd sub00/vhpl18 1620581801
EN file_regs NULL C:/Users/rober/OneDrive/Desktop/Labs_CSO/Lab7/mips/File_Regs.vhd sub00/vhpl16 1620581811
EN mux2v5 NULL C:/Users/rober/OneDrive/Desktop/Labs_CSO/Lab7/mips/MUX2V5.vhd sub00/vhpl08 1620581805
EN rom32x32 NULL C:/Users/rober/OneDrive/Desktop/Labs_CSO/Lab7/mips/ROM32x32_X.vhd sub00/vhpl04 1620581813
AR rom32x32 rom32x32_arch C:/Users/rober/OneDrive/Desktop/Labs_CSO/Lab7/mips/ROM32x32_X.vhd sub00/vhpl05 1620581814
EN pc_update NULL C:/Users/rober/OneDrive/Desktop/Labs_CSO/Lab7/mips/PC_Update.vhd sub00/vhpl02 1620581807
AR ctrl behavioral C:/Users/rober/OneDrive/Desktop/Labs_CSO/Lab7/mips/ctrl.vhd sub00/vhpl15 1620581800
AR mips behavioral C:/Users/rober/OneDrive/Desktop/Labs_CSO/Lab7/mips/mips.vhf sub00/vhpl07 1620581825
EN progcnt NULL C:/Users/rober/OneDrive/Desktop/Labs_CSO/Lab7/mips/ProgCnt.vhd sub00/vhpl00 1620581809
EN ctrl NULL C:/Users/rober/OneDrive/Desktop/Labs_CSO/Lab7/mips/ctrl.vhd sub00/vhpl14 1620581799
EN mips NULL C:/Users/rober/OneDrive/Desktop/Labs_CSO/Lab7/mips/mips.vhf sub00/vhpl06 1620581824
AR progcnt behavioral C:/Users/rober/OneDrive/Desktop/Labs_CSO/Lab7/mips/ProgCnt.vhd sub00/vhpl01 1620581810
EN mux2v32 NULL C:/Users/rober/OneDrive/Desktop/Labs_CSO/Lab7/mips/MUX2V32.vhd sub00/vhpl12 1620581803
AR datamem behavioral C:/Users/rober/OneDrive/Desktop/Labs_CSO/Lab7/mips/DataMem.vhd sub00/vhpl19 1620581802
AR mux2v5 behavioral C:/Users/rober/OneDrive/Desktop/Labs_CSO/Lab7/mips/MUX2V5.vhd sub00/vhpl09 1620581806
AR pc_update behavioral C:/Users/rober/OneDrive/Desktop/Labs_CSO/Lab7/mips/PC_Update.vhd sub00/vhpl03 1620581808
EN alu NULL C:/Users/rober/OneDrive/Desktop/Labs_CSO/Lab7/mips/ALU.vhd sub00/vhpl10 1620581797
