V3 67
FL C:/Users/rober/OneDrive/Desktop/Labs_CSO/Lab5/mips/ALU.vhd 2021/04/11.22:55:29 J.40
FL C:/Users/rober/OneDrive/Desktop/Labs_CSO/Lab5/mips/ctrl.vhd 2021/04/11.22:41:48 J.40
FL C:/Users/rober/OneDrive/Desktop/Labs_CSO/Lab5/mips/DataMem.vhd 2021/04/11.22:16:10 J.40
FL C:/Users/rober/OneDrive/Desktop/Labs_CSO/Lab5/mips/File_Regs.vhd 2021/04/11.13:38:30 J.40
FL C:/Users/rober/OneDrive/Desktop/Labs_CSO/Lab5/mips/mips.vhf 2021/04/11.23:11:08 J.40
FL C:/Users/rober/OneDrive/Desktop/Labs_CSO/Lab5/mips/MUX2V32.vhd 2021/04/11.22:10:39 J.40
FL C:/Users/rober/OneDrive/Desktop/Labs_CSO/Lab5/mips/MUX2V5.vhd 2021/03/28.17:18:12 J.40
FL C:/Users/rober/OneDrive/Desktop/Labs_CSO/Lab5/mips/PC_Update.vhd 2021/03/28.14:33:59 J.40
FL C:/Users/rober/OneDrive/Desktop/Labs_CSO/Lab5/mips/ProgCnt.vhd 2021/03/28.16:44:51 J.40
FL C:/Users/rober/OneDrive/Desktop/Labs_CSO/Lab5/mips/ROM32x32.vhd 2021/03/28.17:05:52 J.40
FL C:/Users/rober/OneDrive/Desktop/Labs_CSO/Lab6/mips/mips.vhf 2021/04/11.23:11:08 J.40
FL C:/Users/rober/OneDrive/Desktop/Labs_CSO/Lab7/LAB7/mips/ALU.vhd 2021/04/27.10:56:14 J.40
FL C:/Users/rober/OneDrive/Desktop/Labs_CSO/Lab7/LAB7/mips/ctrl.vhd 2021/04/27.10:50:54 J.40
FL C:/Users/rober/OneDrive/Desktop/Labs_CSO/Lab7/LAB7/mips/DataMem.vhd 2021/04/11.22:16:10 J.40
FL C:/Users/rober/OneDrive/Desktop/Labs_CSO/Lab7/LAB7/mips/File_Regs.vhd 2021/04/11.13:38:30 J.40
FL C:/Users/rober/OneDrive/Desktop/Labs_CSO/Lab7/LAB7/mips/mips.vhf 2021/04/11.23:11:08 J.40
FL C:/Users/rober/OneDrive/Desktop/Labs_CSO/Lab7/LAB7/mips/MUX2V32.vhd 2021/04/27.10:50:03 J.40
FL C:/Users/rober/OneDrive/Desktop/Labs_CSO/Lab7/LAB7/mips/MUX2V5.vhd 2021/04/27.10:49:40 J.40
FL C:/Users/rober/OneDrive/Desktop/Labs_CSO/Lab7/LAB7/mips/PC_Update.vhd 2021/03/28.14:33:59 J.40
FL C:/Users/rober/OneDrive/Desktop/Labs_CSO/Lab7/LAB7/mips/ProgCnt.vhd 2021/03/28.16:44:51 J.40
FL C:/Users/rober/OneDrive/Desktop/Labs_CSO/Lab7/LAB7/mips/ROM32x32_test1.vhd 2021/04/18.19:04:26 J.40
FL C:/Users/rober/OneDrive/Desktop/Labs_CSO/Lab7/mips/ALU.vhd 2021/05/09.17:42:14 J.40
EN work/ALU 1620581797 \
      FL C:/Users/rober/OneDrive/Desktop/Labs_CSO/Lab7/mips/ALU.vhd \
      PB ieee/std_logic_1164 1192821031 PB ieee/std_logic_arith 1192821032 \
      PB ieee/STD_LOGIC_UNSIGNED 1192821033
AR work/ALU/Behavioral 1620581798 \
      FL C:/Users/rober/OneDrive/Desktop/Labs_CSO/Lab7/mips/ALU.vhd EN work/ALU 1620581797
FL C:/Users/rober/OneDrive/Desktop/Labs_CSO/Lab7/mips/ctrl.vhd 2021/05/09.18:02:34 J.40
EN work/ctrl 1620581799 \
      FL C:/Users/rober/OneDrive/Desktop/Labs_CSO/Lab7/mips/ctrl.vhd \
      PB ieee/std_logic_1164 1192821031 PB ieee/std_logic_arith 1192821032 \
      PB ieee/STD_LOGIC_UNSIGNED 1192821033
AR work/ctrl/Behavioral 1620581800 \
      FL C:/Users/rober/OneDrive/Desktop/Labs_CSO/Lab7/mips/ctrl.vhd EN work/ctrl 1620581799
FL C:/Users/rober/OneDrive/Desktop/Labs_CSO/Lab7/mips/DataMem.vhd 2021/04/11.22:16:10 J.40
EN work/DataMem 1620581801 \
      FL C:/Users/rober/OneDrive/Desktop/Labs_CSO/Lab7/mips/DataMem.vhd \
      PB ieee/std_logic_1164 1192821031 PB ieee/std_logic_arith 1192821032 \
      PB ieee/STD_LOGIC_UNSIGNED 1192821033
AR work/DataMem/Behavioral 1620581802 \
      FL C:/Users/rober/OneDrive/Desktop/Labs_CSO/Lab7/mips/DataMem.vhd \
      EN work/DataMem 1620581801
FL C:/Users/rober/OneDrive/Desktop/Labs_CSO/Lab7/mips/File_Regs.vhd 2021/04/11.13:38:30 J.40
EN work/File_Regs 1620581811 \
      FL C:/Users/rober/OneDrive/Desktop/Labs_CSO/Lab7/mips/File_Regs.vhd \
      PB ieee/std_logic_1164 1192821031 PB ieee/std_logic_arith 1192821032 \
      PB ieee/STD_LOGIC_UNSIGNED 1192821033
AR work/File_Regs/Behavioral 1620581812 \
      FL C:/Users/rober/OneDrive/Desktop/Labs_CSO/Lab7/mips/File_Regs.vhd \
      EN work/File_Regs 1620581811
FL C:/Users/rober/OneDrive/Desktop/Labs_CSO/Lab7/mips/mips.vhf 2021/05/09.19:39:41 J.40
EN work/mips 1620581824 \
      FL C:/Users/rober/OneDrive/Desktop/Labs_CSO/Lab7/mips/mips.vhf \
      PB ieee/std_logic_1164 1192821031 PH ieee/NUMERIC_STD 1192821033 LB UNISIM \
      PH unisim/VCOMPONENTS 1194566982
AR work/mips/BEHAVIORAL 1620581825 \
      FL C:/Users/rober/OneDrive/Desktop/Labs_CSO/Lab7/mips/mips.vhf EN work/mips 1620581824 \
      CP ALU CP ctrl CP DataMem CP MUX2V32 CP MUX2V5 CP PC_Update CP ProgCnt \
      CP File_Regs CP ROM32x32
FL C:/Users/rober/OneDrive/Desktop/Labs_CSO/Lab7/mips/MUX2V32.vhd 2021/04/27.10:50:03 J.40
EN work/MUX2V32 1620581803 \
      FL C:/Users/rober/OneDrive/Desktop/Labs_CSO/Lab7/mips/MUX2V32.vhd \
      PB ieee/std_logic_1164 1192821031 PB ieee/std_logic_arith 1192821032 \
      PB ieee/STD_LOGIC_UNSIGNED 1192821033
AR work/MUX2V32/Behavioral 1620581804 \
      FL C:/Users/rober/OneDrive/Desktop/Labs_CSO/Lab7/mips/MUX2V32.vhd \
      EN work/MUX2V32 1620581803
FL C:/Users/rober/OneDrive/Desktop/Labs_CSO/Lab7/mips/MUX2V5.vhd 2021/04/27.10:49:40 J.40
EN work/MUX2V5 1620581805 \
      FL C:/Users/rober/OneDrive/Desktop/Labs_CSO/Lab7/mips/MUX2V5.vhd \
      PB ieee/std_logic_1164 1192821031 PB ieee/std_logic_arith 1192821032 \
      PB ieee/STD_LOGIC_UNSIGNED 1192821033
AR work/MUX2V5/Behavioral 1620581806 \
      FL C:/Users/rober/OneDrive/Desktop/Labs_CSO/Lab7/mips/MUX2V5.vhd \
      EN work/MUX2V5 1620581805
FL C:/Users/rober/OneDrive/Desktop/Labs_CSO/Lab7/mips/PC_Update.vhd 2021/05/09.18:14:20 J.40
EN work/PC_Update 1620581807 \
      FL C:/Users/rober/OneDrive/Desktop/Labs_CSO/Lab7/mips/PC_Update.vhd \
      PB ieee/std_logic_1164 1192821031 PB ieee/std_logic_arith 1192821032 \
      PB ieee/STD_LOGIC_UNSIGNED 1192821033
AR work/PC_Update/Behavioral 1620581808 \
      FL C:/Users/rober/OneDrive/Desktop/Labs_CSO/Lab7/mips/PC_Update.vhd \
      EN work/PC_Update 1620581807
FL C:/Users/rober/OneDrive/Desktop/Labs_CSO/Lab7/mips/ProgCnt.vhd 2021/03/28.16:44:51 J.40
EN work/ProgCnt 1620581809 \
      FL C:/Users/rober/OneDrive/Desktop/Labs_CSO/Lab7/mips/ProgCnt.vhd \
      PB ieee/std_logic_1164 1192821031 PB ieee/std_logic_arith 1192821032 \
      PB ieee/STD_LOGIC_UNSIGNED 1192821033
AR work/ProgCnt/Behavioral 1620581810 \
      FL C:/Users/rober/OneDrive/Desktop/Labs_CSO/Lab7/mips/ProgCnt.vhd \
      EN work/ProgCnt 1620581809
FL C:/Users/rober/OneDrive/Desktop/Labs_CSO/Lab7/mips/ROM32x32_BEQ.vhd 2021/05/09.19:26:15 J.40
FL C:/Users/rober/OneDrive/Desktop/Labs_CSO/Lab7/mips/ROM32x32_X.vhd 2021/05/09.20:36:03 J.40
EN work/ROM32x32 1620581813 \
      FL C:/Users/rober/OneDrive/Desktop/Labs_CSO/Lab7/mips/ROM32x32_X.vhd \
      PB ieee/std_logic_1164 1192821031 PB ieee/std_logic_arith 1192821032 \
      PB ieee/STD_LOGIC_UNSIGNED 1192821033
AR work/ROM32x32/ROM32x32_arch 1620581814 \
      FL C:/Users/rober/OneDrive/Desktop/Labs_CSO/Lab7/mips/ROM32x32_X.vhd \
      EN work/ROM32x32 1620581813
FL C:/Users/rober/OneDrive/Desktop/Labs_CSO/mips/mips.vhf 2021/03/28.17:23:50 J.40
FL C:/Users/rober/OneDrive/Desktop/Labs_CSO/mips/MUX2V5.vhd 2021/03/28.17:18:12 J.40
FL C:/Users/rober/OneDrive/Desktop/Labs_CSO/mips/PC_Update.vhd 2021/03/28.14:33:59 J.40
FL C:/Users/rober/OneDrive/Desktop/Labs_CSO/mips/ProgCnt.vhd 2021/03/28.16:44:51 J.40
FL C:/Users/rober/OneDrive/Desktop/Labs_CSO/mips/ROM32x32.vhd 2021/03/28.17:05:52 J.40
