EN sum1g NULL C:/Users/rober/OneDrive/Desktop/Labs_CSO/Lab2/as4/sum1g.vhf sub00/vhpl02 1615055831
AR sum1g behavioral C:/Users/rober/OneDrive/Desktop/Labs_CSO/Lab2/as4/sum1g.vhf sub00/vhpl03 1615055832
AR as4 behavioral C:/Users/rober/OneDrive/Desktop/Labs_CSO/Lab2/as4/as4.vhf sub00/vhpl01 1615055834
EN as4 NULL C:/Users/rober/OneDrive/Desktop/Labs_CSO/Lab2/as4/as4.vhf sub00/vhpl00 1615055833
