EN top NULL C:/Users/rober/OneDrive/Desktop/Labs_CSO/AddSub4V/top.vhf sub00/vhpl02 1616346587
AR top behavioral C:/Users/rober/OneDrive/Desktop/Labs_CSO/AddSub4V/top.vhf sub00/vhpl03 1616346588
EN as4v NULL C:/Users/rober/OneDrive/Desktop/Labs_CSO/AddSub4V/as4v.vhd sub00/vhpl00 1616346441
AR as4v behavioral C:/Users/rober/OneDrive/Desktop/Labs_CSO/AddSub4V/as4v.vhd sub00/vhpl01 1616346442
